// Jest Snapshot v1, https://goo.gl/fbAQLP

exports[`Publish Test File via Babel as Universal: browser-esm 1`] = `
"/*! universal-basic v1.0.0 by Sebastian Werner <s.werner@sebastian-software.de> */
function browser () {
  console.log(\\"I'm in the Browser\\");
}

export { browser as default };
//# sourceMappingURL=browser.esm.js.map
"
`;

exports[`Publish Test File via Babel as Universal: browser-umd 1`] = `
"/*! universal-basic v1.0.0 by Sebastian Werner <s.werner@sebastian-software.de> */
(function (global, factory) {
  typeof exports === 'object' && typeof module !== 'undefined' ? module.exports = factory() :
  typeof define === 'function' && define.amd ? define(factory) :
  (global = typeof globalThis !== 'undefined' ? globalThis : global || self, global[\\"universal-basic\\"] = factory());
})(this, (function () { 'use strict';

  function browser () {
    console.log(\\"I'm in the Browser\\");
  }

  return browser;

}));
//# sourceMappingURL=browser.umd.js.map
"
`;

exports[`Publish Test File via Babel as Universal: node-cjs 1`] = `
"/*! universal-basic v1.0.0 by Sebastian Werner <s.werner@sebastian-software.de> */
'use strict';

function index () {
  console.log(\\"I'm on NodeJS\\");
}

module.exports = index;
//# sourceMappingURL=node.cjs.js.map
"
`;

exports[`Publish Test File via Babel as Universal: node-esm 1`] = `
"/*! universal-basic v1.0.0 by Sebastian Werner <s.werner@sebastian-software.de> */
function index () {
  console.log(\\"I'm on NodeJS\\");
}

export { index as default };
//# sourceMappingURL=node.esm.js.map
"
`;
