// Jest Snapshot v1, https://goo.gl/fbAQLP

exports[`Binary from ESNext: cli 1`] = `
"#!/usr/bin/env node

/*! esnext-binary v1.0.0 by Sebastian Werner <s.werner@sebastian-software.de> */
'use strict';

var _snakeCase = require('lodash/snakeCase');

function _interopDefaultLegacy (e) { return e && typeof e === 'object' && 'default' in e ? e[\\"default\\"] : e; }

var _snakeCase__default = /*#__PURE__*/_interopDefaultLegacy(_snakeCase);

const realWords = \\"Eine dicke Kuh lacht\\";

console.log(\\"Magic:\\", _snakeCase__default(realWords));
//# sourceMappingURL=mycli.js.map
"
`;
